

================================================================
== Synthesis Summary Report of 'Filter_HW'
================================================================
+ General Information: 
    * Date:           Wed Oct 25 22:07:28 2023
    * Version:        2020.2 (Build 3064766 on Wed Nov 18 09:12:47 MST 2020)
    * Project:        ESE5320_HW7
    * Solution:       solution1 (Vitis Kernel Flow Target)
    * Product family: zynquplus
    * Target device:  xczu3eg-sbva484-1-i
    

+ Performance & Resource Estimates: 
    
    PS: '+' for module; 'o' for loop; '*' for dataflow
    +---------------------------------------+------+-------+---------+-----------+----------+---------+--------+----------+---------+---------+------------+------------+-----+
    |                Modules                | Issue|       | Latency |  Latency  | Iteration|         |  Trip  |          |         |         |            |            |     |
    |                & Loops                | Type | Slack | (cycles)|    (ns)   |  Latency | Interval|  Count | Pipelined|  BRAM   |   DSP   |     FF     |     LUT    | URAM|
    +---------------------------------------+------+-------+---------+-----------+----------+---------+--------+----------+---------+---------+------------+------------+-----+
    |+ Filter_HW*                           |     -|   0.00|   255709|  1.706e+06|         -|   130952|       -|  dataflow|  42 (9%)|   8 (2%)|   7200 (5%)|  8455 (11%)|    -|
    | + grp_Filter_vertical_HW_fu_118       |     -|  -1.10|   128005|  8.538e+05|         -|   128005|       -|        no|  12 (2%)|   7 (1%)|   2541 (1%)|   2247 (3%)|    -|
    |  o VITIS_LOOP_68_1_VITIS_LOOP_69_2    |     -|  -4.87|     2846|  1.898e+04|         4|        1|    2844|       yes|        -|        -|           -|           -|    -|
    |  o VITIS_LOOP_74_3_VITIS_LOOP_76_4    |     -|  -4.87|   125155|  8.348e+05|        21|        1|  125136|       yes|        -|        -|           -|           -|    -|
    | + grp_read_input3_fu_126              |     -|   0.00|   129673|  8.649e+05|         -|   129673|       -|        no|        -|        -|  1173 (~0%)|   575 (~0%)|    -|
    |  o mem_rd                             |     -|  -4.87|   129601|  8.644e+05|         3|        1|  129600|       yes|        -|        -|           -|           -|    -|
    | + grp_write_output_fu_137             |     -|   0.00|   125207|  8.351e+05|         -|   125207|       -|        no|        -|        -|   984 (~0%)|   2757 (3%)|    -|
    |  o mem_wr                             |     -|  -4.87|   125205|  8.351e+05|        71|        1|  125136|       yes|        -|        -|           -|           -|    -|
    | + grp_Filter_horizontal_HW_fu_146     |     -|  -1.10|   130951|  8.734e+05|         -|   130951|       -|        no|        -|  1 (~0%)|   310 (~0%)|   475 (~0%)|    -|
    |  o VITIS_LOOP_31_1                    |     -|  -4.87|   130950|  8.734e+05|       485|        -|     270|        no|        -|        -|           -|           -|    -|
    |   o VITIS_LOOP_40_2                   |     -|  -4.87|      477|  3.182e+03|         5|        1|     474|       yes|        -|        -|           -|           -|    -|
    | + call_ln143_Filter_HW_entry3_fu_154  |     -|  -2.70|        0|      0.000|         -|        0|       -|        no|        -|        -|     2 (~0%)|    29 (~0%)|    -|
    +---------------------------------------+------+-------+---------+-----------+----------+---------+--------+----------+---------+---------+------------+------------+-----+

